FAIL apps/student-mobile/src/__tests__/handAiAnalyticsAndFlow.test.ts
  ΓùÅ Test suite failed to run

    Jest encountered an unexpected token

    Jest failed to parse a file. This happens e.g. when your code or its dependencies use non-standard JavaScript syntax, or when Jest is not configured to support such syntax.

    Out of the box Jest supports Babel, which will be used to transform your files into valid JS based on your Babel configuration.

    By default "node_modules" folder is ignored by transformers.

    Here's what you can do:
     ΓÇó If you are trying to use ECMAScript Modules, see https://jestjs.io/docs/ecmascript-modules for how to enable it.
     ΓÇó If you are trying to use TypeScript, see https://jestjs.io/docs/getting-started#using-typescript
     ΓÇó To have some of your "node_modules" files transformed, you can specify a custom "transformIgnorePatterns" in your config.
     ΓÇó If you need a custom transformation specify a "transform" option in your config.
     ΓÇó If you simply want to mock your non-JS modules (e.g. binary assets) you can stub them out with the "moduleNameMapper" config option.

    You'll find more details and examples of these config options in the docs:
    https://jestjs.io/docs/configuration
    For information about custom transformations, see:
    https://jestjs.io/docs/code-transformation

    Details:

    SyntaxError: E:\MathVisionKid\apps\student-mobile\src\__tests__\handAiAnalyticsAndFlow.test.ts: Missing initializer in const declaration. (75:16)

      73 |
      74 |       // 3. Log image flow output check
    > 75 |       const logs: string[] = [];
         |                 ^
      76 |       const originalConsoleLog = console.log;
      77 |       console.log = (msg: string) => logs.push(msg);
      78 |

      at constructor (node_modules/@babel/parser/src/parse-error.ts:96:45)
      at Parser.toParseError [as raise] (node_modules/@babel/parser/src/tokenizer/index.ts:1504:19)
      at Parser.raise [as parseVar] (node_modules/@babel/parser/src/parser/statement.ts:1605:16)
      at Parser.parseVar [as parseVarStatement] (node_modules/@babel/parser/src/parser/statement.ts:1251:10)
      at Parser.parseVarStatement [as parseStatementContent] (node_modules/@babel/parser/src/parser/statement.ts:612:21)
      at Parser.parseStatementContent [as parseStatementLike] (node_modules/@babel/parser/src/parser/statement.ts:482:17)
      at Parser.parseStatementLike [as parseStatementListItem] (node_modules/@babel/parser/src/parser/statement.ts:431:17)
      at Parser.parseStatementListItem [as parseBlockOrModuleBlockBody] (node_modules/@babel/parser/src/parser/statement.ts:1444:16)
      at Parser.parseBlockOrModuleBlockBody [as parseBlockBody] (node_modules/@babel/parser/src/parser/statement.ts:1417:10)
      at Parser.parseBlockBody [as parseBlock] (node_modules/@babel/parser/src/parser/statement.ts:1385:10)
      at Parser.parseBlock [as parseFunctionBody] (node_modules/@babel/parser/src/parser/expression.ts:2651:24)
      at Parser.parseFunctionBody [as parseArrowExpression] (node_modules/@babel/parser/src/parser/expression.ts:2592:10)
      at Parser.parseArrowExpression [as parseParenAndDistinguishExpression] (node_modules/@babel/parser/src/parser/expression.ts:1877:12)
      at Parser.parseParenAndDistinguishExpression [as parseExprAtom] (node_modules/@babel/parser/src/parser/expression.ts:1197:21)
      at Parser.parseExprAtom [as parseExprSubscripts] (node_modules/@babel/parser/src/parser/expression.ts:742:23)
      at Parser.parseExprSubscripts [as parseUpdate] (node_modules/@babel/parser/src/parser/expression.ts:721:21)
      at Parser.parseUpdate [as parseMaybeUnary] (node_modules/@babel/parser/src/parser/expression.ts:683:23)
      at Parser.parseMaybeUnary [as parseMaybeUnaryOrPrivate] (node_modules/@babel/parser/src/parser/expression.ts:417:14)
      at Parser.parseMaybeUnaryOrPrivate [as parseExprOps] (node_modules/@babel/parser/src/parser/expression.ts:429:23)
      at Parser.parseExprOps [as parseMaybeConditional] (node_modules/@babel/parser/src/parser/expression.ts:384:23)
      at Parser.parseMaybeConditional [as parseMaybeAssign] (node_modules/@babel/parser/src/parser/expression.ts:301:21)
      at parseMaybeAssign (node_modules/@babel/parser/src/parser/expression.ts:257:12)
      at Parser.callback [as allowInAnd] (node_modules/@babel/parser/src/parser/expression.ts:3227:12)
      at Parser.allowInAnd [as parseMaybeAssignAllowIn] (node_modules/@babel/parser/src/parser/expression.ts:256:17)
      at Parser.parseMaybeAssignAllowIn [as parseMaybeAssignAllowInOrVoidPattern] (node_modules/@babel/parser/src/parser/expression.ts:3341:17)
      at Parser.parseMaybeAssignAllowInOrVoidPattern [as parseExprListItem] (node_modules/@babel/parser/src/parser/expression.ts:2823:18)
      at Parser.parseExprListItem [as parseCallExpressionArguments] (node_modules/@babel/parser/src/parser/expression.ts:1069:14)
      at Parser.parseCallExpressionArguments [as parseCoverCallAndAsyncArrowHead] (node_modules/@babel/parser/src/parser/expression.ts:949:29)
      at Parser.parseCoverCallAndAsyncArrowHead [as parseSubscript] (node_modules/@babel/parser/src/parser/expression.ts:822:19)
      at Parser.parseSubscript [as parseSubscripts] (node_modules/@babel/parser/src/parser/expression.ts:781:19)
      at Parser.parseSubscripts [as parseExprSubscripts] (node_modules/@babel/parser/src/parser/expression.ts:748:17)
      at Parser.parseExprSubscripts [as parseUpdate] (node_modules/@babel/parser/src/parser/expression.ts:721:21)
      at Parser.parseUpdate [as parseMaybeUnary] (node_modules/@babel/parser/src/parser/expression.ts:683:23)
      at Parser.parseMaybeUnary [as parseMaybeUnaryOrPrivate] (node_modules/@babel/parser/src/parser/expression.ts:417:14)
      at Parser.parseMaybeUnaryOrPrivate [as parseExprOps] (node_modules/@babel/parser/src/parser/expression.ts:429:23)
      at Parser.parseExprOps [as parseMaybeConditional] (node_modules/@babel/parser/src/parser/expression.ts:384:23)
      at Parser.parseMaybeConditional [as parseMaybeAssign] (node_modules/@babel/parser/src/parser/expression.ts:301:21)
      at Parser.parseMaybeAssign [as parseExpressionBase] (node_modules/@babel/parser/src/parser/expression.ts:226:23)
      at parseExpressionBase (node_modules/@babel/parser/src/parser/expression.ts:217:39)
      at Parser.callback [as allowInAnd] (node_modules/@babel/parser/src/parser/expression.ts:3222:16)
      at Parser.allowInAnd [as parseExpression] (node_modules/@babel/parser/src/parser/expression.ts:217:17)
      at Parser.parseExpression [as parseStatementContent] (node_modules/@babel/parser/src/parser/statement.ts:688:23)
      at Parser.parseStatementContent [as parseStatementLike] (node_modules/@babel/parser/src/parser/statement.ts:482:17)
      at Parser.parseStatementLike [as parseStatementListItem] (node_modules/@babel/parser/src/parser/statement.ts:431:17)
      at Parser.parseStatementListItem [as parseBlockOrModuleBlockBody] (node_modules/@babel/parser/src/parser/statement.ts:1444:16)
      at Parser.parseBlockOrModuleBlockBody [as parseBlockBody] (node_modules/@babel/parser/src/parser/statement.ts:1417:10)
      at Parser.parseBlockBody [as parseBlock] (node_modules/@babel/parser/src/parser/statement.ts:1385:10)
      at Parser.parseBlock [as parseFunctionBody] (node_modules/@babel/parser/src/parser/expression.ts:2651:24)
      at Parser.parseFunctionBody [as parseArrowExpression] (node_modules/@babel/parser/src/parser/expression.ts:2592:10)
      at Parser.parseArrowExpression [as parseParenAndDistinguishExpression] (node_modules/@babel/parser/src/parser/expression.ts:1877:12)
      at Parser.parseParenAndDistinguishExpression [as parseExprAtom] (node_modules/@babel/parser/src/parser/expression.ts:1197:21)
      at Parser.parseExprAtom [as parseExprSubscripts] (node_modules/@babel/parser/src/parser/expression.ts:742:23)
      at Parser.parseExprSubscripts [as parseUpdate] (node_modules/@babel/parser/src/parser/expression.ts:721:21)
      at Parser.parseUpdate [as parseMaybeUnary] (node_modules/@babel/parser/src/parser/expression.ts:683:23)
      at Parser.parseMaybeUnary [as parseMaybeUnaryOrPrivate] (node_modules/@babel/parser/src/parser/expression.ts:417:14)
      at Parser.parseMaybeUnaryOrPrivate [as parseExprOps] (node_modules/@babel/parser/src/parser/expression.ts:429:23)
      at Parser.parseExprOps [as parseMaybeConditional] (node_modules/@babel/parser/src/parser/expression.ts:384:23)
      at Parser.parseMaybeConditional [as parseMaybeAssign] (node_modules/@babel/parser/src/parser/expression.ts:301:21)
      at parseMaybeAssign (node_modules/@babel/parser/src/parser/expression.ts:257:12)
      at Parser.callback [as allowInAnd] (node_modules/@babel/parser/src/parser/expression.ts:3227:12)
      at Parser.allowInAnd [as parseMaybeAssignAllowIn] (node_modules/@babel/parser/src/parser/expression.ts:256:17)
      at Parser.parseMaybeAssignAllowIn [as parseMaybeAssignAllowInOrVoidPattern] (node_modules/@babel/parser/src/parser/expression.ts:3341:17)
      at Parser.parseMaybeAssignAllowInOrVoidPattern [as parseExprListItem] (node_modules/@babel/parser/src/parser/expression.ts:2823:18)
      at Parser.parseExprListItem [as parseCallExpressionArguments] (node_modules/@babel/parser/src/parser/expression.ts:1069:14)
      at Parser.parseCallExpressionArguments [as parseCoverCallAndAsyncArrowHead] (node_modules/@babel/parser/src/parser/expression.ts:949:29)
      at Parser.parseCoverCallAndAsyncArrowHead [as parseSubscript] (node_modules/@babel/parser/src/parser/expression.ts:822:19)
      at Parser.parseSubscript [as parseSubscripts] (node_modules/@babel/parser/src/parser/expression.ts:781:19)
      at Parser.parseSubscripts [as parseExprSubscripts] (node_modules/@babel/parser/src/parser/expression.ts:748:17)
      at Parser.parseExprSubscripts [as parseUpdate] (node_modules/@babel/parser/src/parser/expression.ts:721:21)
      at Parser.parseUpdate [as parseMaybeUnary] (node_modules/@babel/parser/src/parser/expression.ts:683:23)
      at Parser.parseMaybeUnary [as parseMaybeUnaryOrPrivate] (node_modules/@babel/parser/src/parser/expression.ts:417:14)
      at Parser.parseMaybeUnaryOrPrivate [as parseExprOps] (node_modules/@babel/parser/src/parser/expression.ts:429:23)
      at Parser.parseExprOps [as parseMaybeConditional] (node_modules/@babel/parser/src/parser/expression.ts:384:23)
      at Parser.parseMaybeConditional [as parseMaybeAssign] (node_modules/@babel/parser/src/parser/expression.ts:301:21)
      at Parser.parseMaybeAssign [as parseExpressionBase] (node_modules/@babel/parser/src/parser/expression.ts:226:23)
      at parseExpressionBase (node_modules/@babel/parser/src/parser/expression.ts:217:39)
      at Parser.callback [as allowInAnd] (node_modules/@babel/parser/src/parser/expression.ts:3222:16)
      at Parser.allowInAnd [as parseExpression] (node_modules/@babel/parser/src/parser/expression.ts:217:17)
      at Parser.parseExpression [as parseStatementContent] (node_modules/@babel/parser/src/parser/statement.ts:688:23)
      at Parser.parseStatementContent [as parseStatementLike] (node_modules/@babel/parser/src/parser/statement.ts:482:17)
      at Parser.parseStatementLike [as parseStatementListItem] (node_modules/@babel/parser/src/parser/statement.ts:431:17)
      at Parser.parseStatementListItem [as parseBlockOrModuleBlockBody] (node_modules/@babel/parser/src/parser/statement.ts:1444:16)
      at Parser.parseBlockOrModuleBlockBody [as parseBlockBody] (node_modules/@babel/parser/src/parser/statement.ts:1417:10)
      at Parser.parseBlockBody [as parseBlock] (node_modules/@babel/parser/src/parser/statement.ts:1385:10)
      at Parser.parseBlock [as parseFunctionBody] (node_modules/@babel/parser/src/parser/expression.ts:2651:24)
      at Parser.parseFunctionBody [as parseArrowExpression] (node_modules/@babel/parser/src/parser/expression.ts:2592:10)
      at Parser.parseArrowExpression [as parseParenAndDistinguishExpression] (node_modules/@babel/parser/src/parser/expression.ts:1877:12)
      at Parser.parseParenAndDistinguishExpression [as parseExprAtom] (node_modules/@babel/parser/src/parser/expression.ts:1197:21)
      at Parser.parseExprAtom [as parseExprSubscripts] (node_modules/@babel/parser/src/parser/expression.ts:742:23)
      at Parser.parseExprSubscripts [as parseUpdate] (node_modules/@babel/parser/src/parser/expression.ts:721:21)
      at Parser.parseUpdate [as parseMaybeUnary] (node_modules/@babel/parser/src/parser/expression.ts:683:23)
      at Parser.parseMaybeUnary [as parseMaybeUnaryOrPrivate] (node_modules/@babel/parser/src/parser/expression.ts:417:14)
      at Parser.parseMaybeUnaryOrPrivate [as parseExprOps] (node_modules/@babel/parser/src/parser/expression.ts:429:23)
      at Parser.parseExprOps [as parseMaybeConditional] (node_modules/@babel/parser/src/parser/expression.ts:384:23)
      at Parser.parseMaybeConditional [as parseMaybeAssign] (node_modules/@babel/parser/src/parser/expression.ts:301:21)
      at parseMaybeAssign (node_modules/@babel/parser/src/parser/expression.ts:257:12)
      at Parser.callback [as allowInAnd] (node_modules/@babel/parser/src/parser/expression.ts:3227:12)
      at Parser.allowInAnd [as parseMaybeAssignAllowIn] (node_modules/@babel/parser/src/parser/expression.ts:256:17)
      at Parser.parseMaybeAssignAllowIn [as parseMaybeAssignAllowInOrVoidPattern] (node_modules/@babel/parser/src/parser/expression.ts:3341:17)
      at Parser.parseMaybeAssignAllowInOrVoidPattern [as parseExprListItem] (node_modules/@babel/parser/src/parser/expression.ts:2823:18)

Test Suites: 1 failed, 1 total
Tests:       0 total
Snapshots:   0 total
Time:        0.429 s
Ran all test suites matching /apps\\student-mobile\\src\\__tests__\\handAiAnalyticsAndFlow.test.ts/i.
